
  ======================================================================
              =                                            =
              =     *** WanT *** Wannier Transport Code    =
              =        (www.wannier-transport.org)         =
              =      Ultra Soft Pseudopotential Implem.    =
              =                                            =
  ======================================================================


  Program <conductor>  v. 2.6.0devel  starts ...
  Date 26Sep2025 at 15:49:52

     Serial run.



          BUILT :    Mi 24 Sep 2025 15:42:29
           HOST :    x86_64-unknown-linux-gnu
           ARCH :    x86_64
             CC :    cc
            CPP :    cpp
            F90 :    gfortran
            F77 :    gfortran
         DFLAGS :    -D__GFORTRAN -D__STD_F95 -D__FFTW
      BLAS LIBS :    -L/home/anooja/Work/software/PAOFLOW/externals/transportPAO/extlibs/blas/lib -lblas
    LAPACK LIBS :    -L/home/anooja/Work/software/PAOFLOW/externals/transportPAO/extlibs/lapack/lib -llapack
       FFT LIBS :
      MASS LIBS :



  ======================================================================
  =  Conductor Init                                                    =
  ======================================================================

  ./Reference/ext.ham file fmt: internal

  ======================================================================
  =  INPUT Summary                                                     =
  ======================================================================

  <INPUT>
          Calculation Type :     bulk
                    prefix :
                   postfix :     _CnHn
                  work_dir :     ./
               L-lead dim. :        48
            conductor dim. :        48
               R-lead dim. :        48
       Conductance Formula :     landauer
                  Carriers :     phonons
       Transport Direction :         1
          Have Correlation :     FALSE
              Write k-data :     FALSE
            Write sgm lead :     FALSE
                Write gf C :     FALSE
           Max iter number :       200
                    nprint :        20

        Conductor datafile :     ./Reference/ext.ham
       leads are identical :     TRUE
         ovp orthogonaliz. :     FALSE
  </INPUT>


  <ENERGY_GRID>
                 Dimension :       3000
                 Buffering :          1
             Min Frequency :        0.00000
             Max Frequency :     **********
               Energy Step :     3204.40147
                     Delta :        0.00000
             Smearing Type :     lorentzian
             Smearing grid :      20000
             Smearing gmax :       25.00000
                   Shift_L :        0.00000
                   Shift_C :        0.00000
                   Shift_R :        0.00000
                Shift_corr :        0.00000
  </ENERGY_GRID>


  <K-POINTS>
       nkpts_par =    1
       nrtot_par =    1
        use_symm = TRUE

       Parallel kpoints grid:        nk = (  1  1  1 )   s = (  0  0  0 )
       k (   1) =    (   0.00000  0.00000  0.00000 ),   weight =   1.0000

       Parallel R vector grid:       nr = (  1  1  1 )
       R (   1) =    (   0.00000  0.00000  0.00000 ),   weight =   1.0000
  </K-POINTS>


  <PARALLELISM>
       Paralellization over frequencies
       # of processes:     1
  </PARALLELISM>


 <MEMORY_USAGE>
                smearing:          0.480 MB
                 kpoints:          0.000 MB
        hamiltonian data:          0.555 MB
        correlation data:          0.002 MB
               workspace:          0.000 MB

     Total alloc. Memory:          1.037 MB
 </MEMORY_USAGE>


  ======================================================================
  =  Frequency Loop                                                    =
  ======================================================================

  Computing omega(     1 ) =      5.66074 cm-1
  T matrix converged after avg. # of iterations      9.500

                              Total time spent up to now :     0.05 secs

  Computing omega(    20 ) =    246.74608 cm-1
  T matrix converged after avg. # of iterations     10.500

                              Total time spent up to now :     0.37 secs

  Computing omega(    40 ) =    353.51331 cm-1
  T matrix converged after avg. # of iterations     11.000

                              Total time spent up to now :     0.70 secs

  Computing omega(    60 ) =    434.80994 cm-1
  T matrix converged after avg. # of iterations     11.000

                              Total time spent up to now :     1.05 secs

  Computing omega(    80 ) =    503.13787 cm-1
  T matrix converged after avg. # of iterations     11.000

                              Total time spent up to now :     1.40 secs

  Computing omega(   100 ) =    563.23685 cm-1
  T matrix converged after avg. # of iterations     11.000

                              Total time spent up to now :     1.74 secs

  Computing omega(   120 ) =    617.51419 cm-1
  T matrix converged after avg. # of iterations     10.500

                              Total time spent up to now :     2.08 secs

  Computing omega(   140 ) =    667.39179 cm-1
  T matrix converged after avg. # of iterations      1.000

                              Total time spent up to now :     2.28 secs

  Computing omega(   160 ) =    713.79257 cm-1
  T matrix converged after avg. # of iterations      1.000

                              Total time spent up to now :     2.35 secs

  Computing omega(   180 ) =    757.35584 cm-1
  T matrix converged after avg. # of iterations      1.000

                              Total time spent up to now :     2.41 secs

  Computing omega(   200 ) =    798.54611 cm-1
  T matrix converged after avg. # of iterations      8.500

                              Total time spent up to now :     2.49 secs

  Computing omega(   220 ) =    837.71351 cm-1
  T matrix converged after avg. # of iterations     10.000

                              Total time spent up to now :     2.81 secs

  Computing omega(   240 ) =    875.12968 cm-1
  T matrix converged after avg. # of iterations     10.000

                              Total time spent up to now :     3.12 secs

  Computing omega(   260 ) =    911.01042 cm-1
  T matrix converged after avg. # of iterations     10.500

                              Total time spent up to now :     3.45 secs

  Computing omega(   280 ) =    945.53054 cm-1
  T matrix converged after avg. # of iterations     10.500

                              Total time spent up to now :     3.78 secs

  Computing omega(   300 ) =    978.83402 cm-1
  T matrix converged after avg. # of iterations     10.000

                              Total time spent up to now :     4.11 secs

  Computing omega(   320 ) =   1011.04108 cm-1
  T matrix converged after avg. # of iterations      1.000

                              Total time spent up to now :     4.37 secs

  Computing omega(   340 ) =   1042.25337 cm-1
  T matrix converged after avg. # of iterations      0.500

                              Total time spent up to now :     4.42 secs

  Computing omega(   360 ) =   1072.55775 cm-1
  T matrix converged after avg. # of iterations      0.500

                              Total time spent up to now :     4.47 secs

  Computing omega(   380 ) =   1102.02911 cm-1
  T matrix converged after avg. # of iterations      1.000

                              Total time spent up to now :     4.54 secs

  Computing omega(   400 ) =   1130.73259 cm-1
  T matrix converged after avg. # of iterations     10.000

                              Total time spent up to now :     4.69 secs

  Computing omega(   420 ) =   1158.72525 cm-1
  T matrix converged after avg. # of iterations     10.500

                              Total time spent up to now :     5.02 secs

  Computing omega(   440 ) =   1186.05744 cm-1
  T matrix converged after avg. # of iterations     10.500

                              Total time spent up to now :     5.35 secs

  Computing omega(   460 ) =   1212.77379 cm-1
  T matrix converged after avg. # of iterations     10.500

                              Total time spent up to now :     5.68 secs

  Computing omega(   480 ) =   1238.91416 cm-1
  T matrix converged after avg. # of iterations     10.500

                              Total time spent up to now :     6.02 secs

  Computing omega(   500 ) =   1264.51427 cm-1
  T matrix converged after avg. # of iterations     10.500

                              Total time spent up to now :     6.35 secs

  Computing omega(   520 ) =   1289.60628 cm-1
  T matrix converged after avg. # of iterations     10.500

                              Total time spent up to now :     6.68 secs

  Computing omega(   540 ) =   1314.21931 cm-1
  T matrix converged after avg. # of iterations     11.000

                              Total time spent up to now :     7.02 secs

  Computing omega(   560 ) =   1338.37977 cm-1
  T matrix converged after avg. # of iterations     11.000

                              Total time spent up to now :     7.37 secs

  Computing omega(   580 ) =   1362.11176 cm-1
  T matrix converged after avg. # of iterations     11.000

                              Total time spent up to now :     7.72 secs

  Computing omega(   600 ) =   1385.43729 cm-1
  T matrix converged after avg. # of iterations     11.000

                              Total time spent up to now :     8.06 secs

  Computing omega(   620 ) =   1408.37655 cm-1
  T matrix converged after avg. # of iterations      1.500

                              Total time spent up to now :     8.23 secs

  Computing omega(   640 ) =   1430.94813 cm-1
  T matrix converged after avg. # of iterations      1.500

                              Total time spent up to now :     8.31 secs

  Computing omega(   660 ) =   1453.16915 cm-1
  T matrix converged after avg. # of iterations      1.500

                              Total time spent up to now :     8.39 secs

  Computing omega(   680 ) =   1475.05546 cm-1
  T matrix converged after avg. # of iterations      1.500

                              Total time spent up to now :     8.47 secs

  Computing omega(   700 ) =   1496.62174 cm-1
  T matrix converged after avg. # of iterations      2.000

                              Total time spent up to now :     8.55 secs

  Computing omega(   720 ) =   1517.88163 cm-1
  T matrix converged after avg. # of iterations     11.000

                              Total time spent up to now :     8.85 secs

  Computing omega(   740 ) =   1538.84784 cm-1
  T matrix converged after avg. # of iterations     11.000

                              Total time spent up to now :     9.20 secs

  Computing omega(   760 ) =   1559.53221 cm-1
  T matrix converged after avg. # of iterations     11.000

                              Total time spent up to now :     9.55 secs

  Computing omega(   780 ) =   1579.94580 cm-1
  T matrix converged after avg. # of iterations     11.000

                              Total time spent up to now :     9.89 secs

  Computing omega(   800 ) =   1600.09899 cm-1
  T matrix converged after avg. # of iterations     10.500

                              Total time spent up to now :    10.23 secs

  Computing omega(   820 ) =   1620.00148 cm-1
  T matrix converged after avg. # of iterations      1.500

                              Total time spent up to now :    10.50 secs

  Computing omega(   840 ) =   1639.66241 cm-1
  T matrix converged after avg. # of iterations      1.000

                              Total time spent up to now :    10.56 secs

  Computing omega(   860 ) =   1659.09037 cm-1
  T matrix converged after avg. # of iterations      0.500

                              Total time spent up to now :    10.62 secs

  Computing omega(   880 ) =   1678.29345 cm-1
  T matrix converged after avg. # of iterations      0.500

                              Total time spent up to now :    10.67 secs

  Computing omega(   900 ) =   1697.27927 cm-1
  T matrix converged after avg. # of iterations      0.500

                              Total time spent up to now :    10.72 secs

  Computing omega(   920 ) =   1716.05505 cm-1
  T matrix converged after avg. # of iterations      0.500

                              Total time spent up to now :    10.78 secs

  Computing omega(   940 ) =   1734.62762 cm-1
  T matrix converged after avg. # of iterations      0.500

                              Total time spent up to now :    10.83 secs

  Computing omega(   960 ) =   1753.00342 cm-1
  T matrix converged after avg. # of iterations      0.500

                              Total time spent up to now :    10.88 secs

  Computing omega(   980 ) =   1771.18859 cm-1
  T matrix converged after avg. # of iterations      0.500

                              Total time spent up to now :    10.93 secs

  Computing omega(  1000 ) =   1789.18894 cm-1
  T matrix converged after avg. # of iterations      0.500

                              Total time spent up to now :    10.98 secs

  Computing omega(  1020 ) =   1807.00999 cm-1
  T matrix converged after avg. # of iterations      0.500

                              Total time spent up to now :    11.04 secs

  Computing omega(  1040 ) =   1824.65699 cm-1
  T matrix converged after avg. # of iterations      0.500

                              Total time spent up to now :    11.09 secs

  Computing omega(  1060 ) =   1842.13494 cm-1
  T matrix converged after avg. # of iterations      0.500

                              Total time spent up to now :    11.14 secs

  Computing omega(  1080 ) =   1859.44862 cm-1
  T matrix converged after avg. # of iterations      0.500

                              Total time spent up to now :    11.19 secs

  Computing omega(  1100 ) =   1876.60257 cm-1
  T matrix converged after avg. # of iterations      0.500

                              Total time spent up to now :    11.25 secs

  Computing omega(  1120 ) =   1893.60113 cm-1
  T matrix converged after avg. # of iterations      0.500

                              Total time spent up to now :    11.30 secs

  Computing omega(  1140 ) =   1910.44845 cm-1
  T matrix converged after avg. # of iterations      0.500

                              Total time spent up to now :    11.35 secs

  Computing omega(  1160 ) =   1927.14849 cm-1
  T matrix converged after avg. # of iterations      0.500

                              Total time spent up to now :    11.40 secs

  Computing omega(  1180 ) =   1943.70505 cm-1
  T matrix converged after avg. # of iterations      0.500

                              Total time spent up to now :    11.45 secs

  Computing omega(  1200 ) =   1960.12177 cm-1
  T matrix converged after avg. # of iterations      0.500

                              Total time spent up to now :    11.48 secs

  Computing omega(  1220 ) =   1976.40213 cm-1
  T matrix converged after avg. # of iterations      0.500

                              Total time spent up to now :    11.52 secs

  Computing omega(  1240 ) =   1992.54948 cm-1
  T matrix converged after avg. # of iterations      0.500

                              Total time spent up to now :    11.56 secs

  Computing omega(  1260 ) =   2008.56701 cm-1
  T matrix converged after avg. # of iterations      0.500

                              Total time spent up to now :    11.60 secs

  Computing omega(  1280 ) =   2024.45782 cm-1
  T matrix converged after avg. # of iterations      0.500

                              Total time spent up to now :    11.64 secs

  Computing omega(  1300 ) =   2040.22487 cm-1
  T matrix converged after avg. # of iterations      0.500

                              Total time spent up to now :    11.67 secs

  Computing omega(  1320 ) =   2055.87099 cm-1
  T matrix converged after avg. # of iterations      0.500

                              Total time spent up to now :    11.71 secs

  Computing omega(  1340 ) =   2071.39894 cm-1
  T matrix converged after avg. # of iterations      0.500

                              Total time spent up to now :    11.75 secs

  Computing omega(  1360 ) =   2086.81135 cm-1
  T matrix converged after avg. # of iterations      0.500

                              Total time spent up to now :    11.79 secs

  Computing omega(  1380 ) =   2102.11075 cm-1
  T matrix converged after avg. # of iterations      0.500

                              Total time spent up to now :    11.83 secs

  Computing omega(  1400 ) =   2117.29961 cm-1
  T matrix converged after avg. # of iterations      0.500

                              Total time spent up to now :    11.87 secs

  Computing omega(  1420 ) =   2132.38029 cm-1
  T matrix converged after avg. # of iterations      0.500

                              Total time spent up to now :    11.91 secs

  Computing omega(  1440 ) =   2147.35505 cm-1
  T matrix converged after avg. # of iterations      0.500

                              Total time spent up to now :    11.94 secs

  Computing omega(  1460 ) =   2162.22611 cm-1
  T matrix converged after avg. # of iterations      0.500

                              Total time spent up to now :    11.98 secs

  Computing omega(  1480 ) =   2176.99558 cm-1
  T matrix converged after avg. # of iterations      0.500

                              Total time spent up to now :    12.02 secs

  Computing omega(  1500 ) =   2191.66553 cm-1
  T matrix converged after avg. # of iterations      0.500

                              Total time spent up to now :    12.06 secs

  Computing omega(  1520 ) =   2206.23794 cm-1
  T matrix converged after avg. # of iterations      0.500

                              Total time spent up to now :    12.10 secs

  Computing omega(  1540 ) =   2220.71472 cm-1
  T matrix converged after avg. # of iterations      0.500

                              Total time spent up to now :    12.14 secs

  Computing omega(  1560 ) =   2235.09774 cm-1
  T matrix converged after avg. # of iterations      0.500

                              Total time spent up to now :    12.17 secs

  Computing omega(  1580 ) =   2249.38879 cm-1
  T matrix converged after avg. # of iterations      0.500

                              Total time spent up to now :    12.21 secs

  Computing omega(  1600 ) =   2263.58962 cm-1
  T matrix converged after avg. # of iterations      0.500

                              Total time spent up to now :    12.25 secs

  Computing omega(  1620 ) =   2277.70191 cm-1
  T matrix converged after avg. # of iterations      0.500

                              Total time spent up to now :    12.29 secs

  Computing omega(  1640 ) =   2291.72730 cm-1
  T matrix converged after avg. # of iterations      0.500

                              Total time spent up to now :    12.33 secs

  Computing omega(  1660 ) =   2305.66737 cm-1
  T matrix converged after avg. # of iterations      0.500

                              Total time spent up to now :    12.36 secs

  Computing omega(  1680 ) =   2319.52367 cm-1
  T matrix converged after avg. # of iterations      0.500

                              Total time spent up to now :    12.40 secs

  Computing omega(  1700 ) =   2333.29769 cm-1
  T matrix converged after avg. # of iterations      0.500

                              Total time spent up to now :    12.44 secs

  Computing omega(  1720 ) =   2346.99087 cm-1
  T matrix converged after avg. # of iterations      0.500

                              Total time spent up to now :    12.48 secs

  Computing omega(  1740 ) =   2360.60462 cm-1
  T matrix converged after avg. # of iterations      0.500

                              Total time spent up to now :    12.52 secs

  Computing omega(  1760 ) =   2374.14030 cm-1
  T matrix converged after avg. # of iterations      0.500

                              Total time spent up to now :    12.56 secs

  Computing omega(  1780 ) =   2387.59926 cm-1
  T matrix converged after avg. # of iterations      0.500

                              Total time spent up to now :    12.59 secs

  Computing omega(  1800 ) =   2400.98277 cm-1
  T matrix converged after avg. # of iterations      0.500

                              Total time spent up to now :    12.63 secs

  Computing omega(  1820 ) =   2414.29208 cm-1
  T matrix converged after avg. # of iterations      0.500

                              Total time spent up to now :    12.67 secs

  Computing omega(  1840 ) =   2427.52843 cm-1
  T matrix converged after avg. # of iterations      0.500

                              Total time spent up to now :    12.71 secs

  Computing omega(  1860 ) =   2440.69300 cm-1
  T matrix converged after avg. # of iterations      0.500

                              Total time spent up to now :    12.75 secs

  Computing omega(  1880 ) =   2453.78694 cm-1
  T matrix converged after avg. # of iterations      0.500

                              Total time spent up to now :    12.78 secs

  Computing omega(  1900 ) =   2466.81138 cm-1
  T matrix converged after avg. # of iterations      0.500

                              Total time spent up to now :    12.82 secs

  Computing omega(  1920 ) =   2479.76741 cm-1
  T matrix converged after avg. # of iterations      0.500

                              Total time spent up to now :    12.86 secs

  Computing omega(  1940 ) =   2492.65610 cm-1
  T matrix converged after avg. # of iterations      0.500

                              Total time spent up to now :    12.90 secs

  Computing omega(  1960 ) =   2505.47849 cm-1
  T matrix converged after avg. # of iterations      0.500

                              Total time spent up to now :    12.94 secs

  Computing omega(  1980 ) =   2518.23559 cm-1
  T matrix converged after avg. # of iterations      0.500

                              Total time spent up to now :    12.97 secs

  Computing omega(  2000 ) =   2530.92839 cm-1
  T matrix converged after avg. # of iterations      0.500

                              Total time spent up to now :    13.01 secs

  Computing omega(  2020 ) =   2543.55786 cm-1
  T matrix converged after avg. # of iterations      0.500

                              Total time spent up to now :    13.05 secs

  Computing omega(  2040 ) =   2556.12492 cm-1
  T matrix converged after avg. # of iterations      0.500

                              Total time spent up to now :    13.09 secs

  Computing omega(  2060 ) =   2568.63050 cm-1
  T matrix converged after avg. # of iterations      0.500

                              Total time spent up to now :    13.13 secs

  Computing omega(  2080 ) =   2581.07548 cm-1
  T matrix converged after avg. # of iterations      0.500

                              Total time spent up to now :    13.17 secs

  Computing omega(  2100 ) =   2593.46075 cm-1
  T matrix converged after avg. # of iterations      0.500

                              Total time spent up to now :    13.20 secs

  Computing omega(  2120 ) =   2605.78716 cm-1
  T matrix converged after avg. # of iterations      0.500

                              Total time spent up to now :    13.24 secs

  Computing omega(  2140 ) =   2618.05553 cm-1
  T matrix converged after avg. # of iterations      0.500

                              Total time spent up to now :    13.28 secs

  Computing omega(  2160 ) =   2630.26667 cm-1
  T matrix converged after avg. # of iterations      0.500

                              Total time spent up to now :    13.32 secs

  Computing omega(  2180 ) =   2642.42139 cm-1
  T matrix converged after avg. # of iterations      0.500

                              Total time spent up to now :    13.36 secs

  Computing omega(  2200 ) =   2654.52045 cm-1
  T matrix converged after avg. # of iterations      0.500

                              Total time spent up to now :    13.39 secs

  Computing omega(  2220 ) =   2666.56462 cm-1
  T matrix converged after avg. # of iterations      0.500

                              Total time spent up to now :    13.43 secs

  Computing omega(  2240 ) =   2678.55463 cm-1
  T matrix converged after avg. # of iterations      0.500

                              Total time spent up to now :    13.47 secs

  Computing omega(  2260 ) =   2690.49120 cm-1
  T matrix converged after avg. # of iterations      0.500

                              Total time spent up to now :    13.51 secs

  Computing omega(  2280 ) =   2702.37506 cm-1
  T matrix converged after avg. # of iterations      0.500

                              Total time spent up to now :    13.55 secs

  Computing omega(  2300 ) =   2714.20688 cm-1
  T matrix converged after avg. # of iterations      0.500

                              Total time spent up to now :    13.58 secs

  Computing omega(  2320 ) =   2725.98734 cm-1
  T matrix converged after avg. # of iterations      0.500

                              Total time spent up to now :    13.62 secs

  Computing omega(  2340 ) =   2737.71712 cm-1
  T matrix converged after avg. # of iterations      0.500

                              Total time spent up to now :    13.66 secs

  Computing omega(  2360 ) =   2749.39685 cm-1
  T matrix converged after avg. # of iterations      0.500

                              Total time spent up to now :    13.70 secs

  Computing omega(  2380 ) =   2761.02718 cm-1
  T matrix converged after avg. # of iterations      0.500

                              Total time spent up to now :    13.74 secs

  Computing omega(  2400 ) =   2772.60872 cm-1
  T matrix converged after avg. # of iterations      0.500

                              Total time spent up to now :    13.77 secs

  Computing omega(  2420 ) =   2784.14208 cm-1
  T matrix converged after avg. # of iterations      0.500

                              Total time spent up to now :    13.81 secs

  Computing omega(  2440 ) =   2795.62787 cm-1
  T matrix converged after avg. # of iterations      0.500

                              Total time spent up to now :    13.85 secs

  Computing omega(  2460 ) =   2807.06666 cm-1
  T matrix converged after avg. # of iterations      0.500

                              Total time spent up to now :    13.89 secs

  Computing omega(  2480 ) =   2818.45902 cm-1
  T matrix converged after avg. # of iterations      0.500

                              Total time spent up to now :    13.93 secs

  Computing omega(  2500 ) =   2829.80552 cm-1
  T matrix converged after avg. # of iterations      0.500

                              Total time spent up to now :    13.97 secs

  Computing omega(  2520 ) =   2841.10670 cm-1
  T matrix converged after avg. # of iterations      0.500

                              Total time spent up to now :    14.00 secs

  Computing omega(  2540 ) =   2852.36311 cm-1
  T matrix converged after avg. # of iterations      0.500

                              Total time spent up to now :    14.04 secs

  Computing omega(  2560 ) =   2863.57527 cm-1
  T matrix converged after avg. # of iterations      0.500

                              Total time spent up to now :    14.08 secs

  Computing omega(  2580 ) =   2874.74371 cm-1
  T matrix converged after avg. # of iterations      0.500

                              Total time spent up to now :    14.12 secs

  Computing omega(  2600 ) =   2885.86892 cm-1
  T matrix converged after avg. # of iterations      0.500

                              Total time spent up to now :    14.16 secs

  Computing omega(  2620 ) =   2896.95140 cm-1
  T matrix converged after avg. # of iterations      0.500

                              Total time spent up to now :    14.19 secs

  Computing omega(  2640 ) =   2907.99166 cm-1
  T matrix converged after avg. # of iterations      0.500

                              Total time spent up to now :    14.23 secs

  Computing omega(  2660 ) =   2918.99015 cm-1
  T matrix converged after avg. # of iterations      0.500

                              Total time spent up to now :    14.27 secs

  Computing omega(  2680 ) =   2929.94736 cm-1
  T matrix converged after avg. # of iterations      0.500

                              Total time spent up to now :    14.31 secs

  Computing omega(  2700 ) =   2940.86374 cm-1
  T matrix converged after avg. # of iterations      0.500

                              Total time spent up to now :    14.35 secs

  Computing omega(  2720 ) =   2951.73976 cm-1
  T matrix converged after avg. # of iterations      0.500

                              Total time spent up to now :    14.38 secs

  Computing omega(  2740 ) =   2962.57584 cm-1
  T matrix converged after avg. # of iterations      0.500

                              Total time spent up to now :    14.42 secs

  Computing omega(  2760 ) =   2973.37244 cm-1
  T matrix converged after avg. # of iterations      0.500

                              Total time spent up to now :    14.46 secs

  Computing omega(  2780 ) =   2984.12997 cm-1
  T matrix converged after avg. # of iterations      0.500

                              Total time spent up to now :    14.51 secs

  Computing omega(  2800 ) =   2994.84886 cm-1
  T matrix converged after avg. # of iterations      0.500

                              Total time spent up to now :    14.56 secs

  Computing omega(  2820 ) =   3005.52953 cm-1
  T matrix converged after avg. # of iterations      0.500

                              Total time spent up to now :    14.62 secs

  Computing omega(  2840 ) =   3016.17237 cm-1
  T matrix converged after avg. # of iterations      0.500

                              Total time spent up to now :    14.67 secs

  Computing omega(  2860 ) =   3026.77779 cm-1
  T matrix converged after avg. # of iterations      0.500

                              Total time spent up to now :    14.72 secs

  Computing omega(  2880 ) =   3037.34618 cm-1
  T matrix converged after avg. # of iterations     10.000

                              Total time spent up to now :    14.87 secs

  Computing omega(  2900 ) =   3047.87793 cm-1
  T matrix converged after avg. # of iterations     10.000

                              Total time spent up to now :    15.19 secs

  Computing omega(  2920 ) =   3058.37340 cm-1
  T matrix converged after avg. # of iterations      9.500

                              Total time spent up to now :    15.50 secs

  Computing omega(  2940 ) =   3068.83299 cm-1
  T matrix converged after avg. # of iterations      0.500

                              Total time spent up to now :    15.65 secs

  Computing omega(  2960 ) =   3079.25704 cm-1
  T matrix converged after avg. # of iterations      0.500

                              Total time spent up to now :    15.70 secs

  Computing omega(  2980 ) =   3089.64593 cm-1
  T matrix converged after avg. # of iterations      0.500

                              Total time spent up to now :    15.75 secs

  Computing omega(  3000 ) =   3100.00000 cm-1
  T matrix converged after avg. # of iterations      0.500

                              Total time spent up to now :    15.80 secs


  ======================================================================
  =  Writing data                                                      =
  ======================================================================


  conductance written on file:    cond_CnHn.dat

  doscond written on file:    doscond_CnHn.dat

  ======================================================================

   <global routines>
             clock number :    13

                conductor :    15.00s CPU

           t_datafiles_in :     0.01s CPU
            smearing_init :     0.01s CPU
                   cft_1z :     0.00s CPU (       2 calls,   0.002 s avg)
         hamiltonian_init :     0.02s CPU
              read_matrix :     0.02s CPU (       2 calls,   0.008 s avg)
              fourier_par :     0.00s CPU (       4 calls,   0.000 s avg)
             do_conductor :    15.77s CPU
        hamiltonian_setup :     0.04s CPU (    3000 calls,   0.000 s avg)
            transfer_mtrx :    12.59s CPU (    3000 calls,   0.004 s avg)
                    green :     1.27s CPU (    6000 calls,   0.000 s avg)
              gzero_maker :     0.05s CPU (    9000 calls,   0.000 s avg)
            transmittance :     0.72s CPU (    3000 calls,   0.000 s avg)
